5.158789693241531138e-01
2.009875169678511764e+00
